~/test-1-Spoorthismn$ gcc -g p2original.c
~/test-1-Spoorthismn$ ./a.out
enter a number
34
enter a number
65
Sum of 34 and 65 is 99~/test-1-Spoorthismn$ gdb a.out
GNU gdb (Ubuntu 8.1.1-0ubuntu1) 8.1.1
Copyright (C) 2018 Free Software Foundation, Inc.
License GPLv3+: GNU GPL version 3 or later <http://gnu.org/licenses/gpl.html>
This is free software: you are free to change and redistribute it.
There is NO WARRANTY, to the extent permitted by law.  Type "show copying"
and "show warranty" for details.
This GDB was configured as "x86_64-linux-gnu".
Type "show configuration" for configuration details.
For bug reporting instructions, please see:
<http://www.gnu.org/software/gdb/bugs/>.
Find the GDB manual and other documentation resources online at:
<http://www.gnu.org/software/gdb/documentation/>.
For help, type "help".
Type "apropos word" to search for commands related to "word"...
Reading symbols from a.out...done.
(gdb) b main
Breakpoint 1 at 0x819: file p2original.c, line 21.
(gdb) r
Starting program: /home/runner/test-1-Spoorthismn/a.out 
warning: Error disabling address space randomization: Operation not permitted

Breakpoint 1, main (x=1, y=-1534269480, z=-1534269464)
    at p2original.c:21
21    x=input();
(gdb) n
enter a number
gdb n
22    y=input();
(gdb) l
17    printf("Sum of %d and %d is %d",a,b,sum);
18  }
19  int main(int x,int y, int z)
20  {
21    x=input();
22    y=input();
23    z=find_sum(x,y);
24    output(x,y,z);
25    return 0;
26  }(gdb) c
Continuing.
enter a number
Sum of 32696 and 32696 is 65392[Inferior 1 (process 143) exited normally]
(gdb) q
~/test-1-Spoorthismn$ 